// Jest Snapshot v1, https://goo.gl/fbAQLP

exports[`[4] Matches snapshot from 5.8.22 1`] = `
<main
  className="sc-fsYfxw fzpIUR"
>
  <article
    className="sc-beyTiQ eLajlk"
    data-testid="pokemon-card"
  >
    <h2
      className="sc-guDMob iTmCCz"
    >
      Fake Pokemon Name
       
      <span
        className="sc-dmyDmy hoHUsp"
      >
        #
        1
      </span>
    </h2>
    <h3
      className="sc-hLQTFJ gkRoEt"
    >
      Bug
    </h3>
    <h4
      className="sc-eDLKEg igxwic"
    >
      Height: 
      4m
       
      <br />
      Weight: 
      50kg
    </h4>
    <figure
      className="sc-jTQDJr gXLfqK"
    >
      <img
        alt="Fake Pokemon Name"
        className="sc-gLLuHO dfPMAj"
        data-testid="not-shiny"
        src="https://www.serebii.net/swordshield/pokemon/001.png"
      />
    </figure>
    <blockquote
      className="sc-iBdoyZ dTKkRP"
    >
      blah blah blah
    </blockquote>
  </article>
  <article
    className="sc-beyTiQ eLajlk"
    data-testid="pokemon-card"
  >
    <h2
      className="sc-guDMob iTmCCz"
    >
      Fake2
       
      <span
        className="sc-dmyDmy hoHUsp"
      >
        #
        2
      </span>
    </h2>
    <h3
      className="sc-hLQTFJ gkRoEt"
    >
      Fire
    </h3>
    <h4
      className="sc-eDLKEg igxwic"
    >
      Height: 
      5m
       
      <br />
      Weight: 
      60kg
    </h4>
    <figure
      className="sc-jTQDJr gXLfqK"
    >
      <img
        alt="Fake2"
        className="sc-gLLuHO dfPMAj"
        data-testid="not-shiny"
        src="https://www.serebii.net/swordshield/pokemon/002.png"
      />
    </figure>
    <blockquote
      className="sc-iBdoyZ dTKkRP"
    >
      This pokemon does nothing
    </blockquote>
  </article>
  <article
    className="sc-beyTiQ eLajlk"
    data-testid="pokemon-card"
  >
    <h2
      className="sc-guDMob iTmCCz"
    >
      Fake3
       
      <span
        className="sc-dmyDmy hoHUsp"
      >
        #
        3
      </span>
    </h2>
    <h3
      className="sc-hLQTFJ gkRoEt"
    >
      Ghost / Ice
    </h3>
    <h4
      className="sc-eDLKEg igxwic"
    >
      Height: 
      6m
       
      <br />
      Weight: 
      80kg
    </h4>
    <figure
      className="sc-jTQDJr gXLfqK"
    >
      <img
        alt="Fake3"
        className="sc-gLLuHO dfPMAj"
        data-testid="not-shiny"
        src="https://www.serebii.net/swordshield/pokemon/003.png"
      />
    </figure>
    <blockquote
      className="sc-iBdoyZ dTKkRP"
    >
      This pokemon is god
    </blockquote>
  </article>
</main>
`;
