// Jest Snapshot v1, https://goo.gl/fbAQLP

exports[`[4] Matches snapshot from 5.8.22 1`] = `
<article
  className="pokemon-card"
  data-testid="pokemon-card"
>
  <h2
    className="poke-name card-item"
  >
    Fake Pokemon Name
     
    <span
      className="dex-id"
    >
      #
    </span>
  </h2>
  <h3
    className="poke-type card-item"
  >
    Grass
     / 
    Poison
     
  </h3>
  <h4
    className="height-weight card-item"
  >
    Height: 
    4m
     
    <br />
    Weight: 
    50kg
  </h4>
  <figure
    className="img-container card-item"
  >
    <img
      alt="Fake Pokemon Name"
      className="poke-img"
      data-testid="shiny"
      src="https://www.serebii.net/Shiny/SWSH/undefined.png"
    />
  </figure>
  <blockquote
    className="card-item"
  >
    blah blah blah
  </blockquote>
</article>
`;
