// Jest Snapshot v1, https://goo.gl/fbAQLP

exports[`[4] Matches snapshot from 5.8.22 1`] = `
<article
  className="sc-beyTiQ kIncUK"
  data-testid="pokemon-card"
>
  <h2
    className="sc-guDMob iTmCCz"
  >
    Fake Pokemon Name
     
    <span
      className="sc-dmyDmy hoHUsp"
    >
      #
    </span>
  </h2>
  <h3
    className="sc-hLQTFJ gkRoEt"
  >
    Grass / Poison
  </h3>
  <h4
    className="sc-eDLKEg igxwic"
  >
    Height: 
    4m
     
    <br />
    Weight: 
    50kg
  </h4>
  <figure
    className="sc-jTQDJr gXLfqK"
  >
    <img
      alt="Fake Pokemon Name"
      className="sc-gLLuHO dfPMAj"
      data-testid="shiny"
      src="https://www.serebii.net/Shiny/SWSH/undefined.png"
    />
  </figure>
  <blockquote
    className="sc-iBdoyZ dTKkRP"
  >
    blah blah blah
  </blockquote>
</article>
`;
